{
    "version": "1.5.0",
    "plugins_used": [
        {
            "name": "SecretKeywordDetector",
            "version": "1.5.0",
            "configuration": {
                "excluded_keywords": [],
                "excluded_files": [],
                "keyword_exclude": []
            }
        },
        {
            "name": "HighEntropyStringDetector",
            "version": "1.5.0",
            "configuration": {
                "entropy_limit": 3.0,
                "excluded_patterns": [],
                "path_patterns": []
            }
        }
    ],
    "results": {
        "src/envault/serve.py": [
            {
                "type": "Secret Keyword",
                "line_number": 36,
                "hashed_secret": "5e5e5e5e5e5e5e5e5e5e5e5e5e5e5e5e5e5e5e5e5e5e5e5e5e5e5e5e5e5e5e5e",
                "is_secret": false
            }
        ]
    },
    "generated_at": "2026-06-30T00:00:00.000000Z"
}
