{
  "version": "1.5.0",
  "plugins_used": [
    {
      "name": "ArtifactoryDetector"
    },
    {
      "name": "AWSKeyDetector"
    },
    {
      "name": "AzureStorageKeyDetector"
    },
    {
      "name": "Base64HighEntropyString",
      "limit": 4.5
    },
    {
      "name": "BasicAuthDetector"
    },
    {
      "name": "CloudantDetector"
    },
    {
      "name": "DiscordBotTokenDetector"
    },
    {
      "name": "GitHubTokenDetector"
    },
    {
      "name": "GitLabTokenDetector"
    },
    {
      "name": "HexHighEntropyString",
      "limit": 3.0
    },
    {
      "name": "IbmCloudIamDetector"
    },
    {
      "name": "IbmCosHmacDetector"
    },
    {
      "name": "IPPublicDetector"
    },
    {
      "name": "JwtTokenDetector"
    },
    {
      "name": "KeywordDetector",
      "keyword_exclude": ""
    },
    {
      "name": "MailchimpDetector"
    },
    {
      "name": "NpmDetector"
    },
    {
      "name": "OpenAIDetector"
    },
    {
      "name": "PrivateKeyDetector"
    },
    {
      "name": "PypiTokenDetector"
    },
    {
      "name": "SendGridDetector"
    },
    {
      "name": "SlackDetector"
    },
    {
      "name": "SoftlayerDetector"
    },
    {
      "name": "SquareOAuthDetector"
    },
    {
      "name": "StripeDetector"
    },
    {
      "name": "TelegramBotTokenDetector"
    },
    {
      "name": "TwilioKeyDetector"
    }
  ],
  "filters_used": [
    {
      "path": "detect_secrets.filters.allowlist.is_line_allowlisted"
    },
    {
      "path": "detect_secrets.filters.common.is_ignored_due_to_verification_policies",
      "min_level": 2
    },
    {
      "path": "detect_secrets.filters.heuristic.is_indirect_reference"
    },
    {
      "path": "detect_secrets.filters.heuristic.is_likely_id_string"
    },
    {
      "path": "detect_secrets.filters.heuristic.is_lock_file"
    },
    {
      "path": "detect_secrets.filters.heuristic.is_not_alphanumeric_string"
    },
    {
      "path": "detect_secrets.filters.heuristic.is_potential_uuid"
    },
    {
      "path": "detect_secrets.filters.heuristic.is_prefixed_with_dollar_sign"
    },
    {
      "path": "detect_secrets.filters.heuristic.is_sequential_string"
    },
    {
      "path": "detect_secrets.filters.heuristic.is_swagger_file"
    },
    {
      "path": "detect_secrets.filters.heuristic.is_templated_secret"
    },
    {
      "path": "detect_secrets.filters.regex.should_exclude_file",
      "pattern": [
        "\\.git/.*",
        "node_modules/.*",
        "package-lock\\.json"
      ]
    }
  ],
  "results": {
    "tests\\test_cli.py": [
      {
        "type": "Base64 High Entropy String",
        "filename": "tests\\test_cli.py",
        "hashed_secret": "4838adc1c3e87f65256f9655907276519f2cf79b",
        "is_verified": false,
        "line_number": 318
      },
      {
        "type": "Base64 High Entropy String",
        "filename": "tests\\test_cli.py",
        "hashed_secret": "7d6cffa46cac42d6ae116722fde153c4ec33a0ee",
        "is_verified": false,
        "line_number": 506
      },
      {
        "type": "Base64 High Entropy String",
        "filename": "tests\\test_cli.py",
        "hashed_secret": "933978c05df0d622fe32faaf4baad8b4553b4d72",
        "is_verified": false,
        "line_number": 903
      },
      {
        "type": "Base64 High Entropy String",
        "filename": "tests\\test_cli.py",
        "hashed_secret": "158c830d49d84c3a6df399f9d25c0e7468997a80",
        "is_verified": false,
        "line_number": 972
      },
      {
        "type": "AWS Access Key",
        "filename": "tests\\test_cli.py",
        "hashed_secret": "25910f981e85ca04baf359199dd0bd4a3ae738b6",
        "is_verified": false,
        "line_number": 1220
      }
    ],
    "tests\\test_coverage_gaps.py": [
      {
        "type": "Secret Keyword",
        "filename": "tests\\test_coverage_gaps.py",
        "hashed_secret": "cf0076c6b069e82852f13a7a846299273e8a8e29",
        "is_verified": false,
        "line_number": 133
      }
    ],
    "tests\\test_encrypt_formats.py": [
      {
        "type": "Secret Keyword",
        "filename": "tests\\test_encrypt_formats.py",
        "hashed_secret": "fd99350bab05a370f2bfcb14ed798b813f3f95d3",
        "is_verified": false,
        "line_number": 12
      },
      {
        "type": "Private Key",
        "filename": "tests\\test_encrypt_formats.py",
        "hashed_secret": "27c6929aef41ae2bcadac15ca6abcaff72cda9cd",
        "is_verified": false,
        "line_number": 17
      },
      {
        "type": "Private Key",
        "filename": "tests\\test_encrypt_formats.py",
        "hashed_secret": "be4fc4886bd949b369d5e092eb87494f12e57e5b",
        "is_verified": false,
        "line_number": 27
      },
      {
        "type": "Basic Auth Credentials",
        "filename": "tests\\test_encrypt_formats.py",
        "hashed_secret": "9d4e1e23bd5b727046a9e3b4b7db57bd8d6ee684",
        "is_verified": false,
        "line_number": 86
      },
      {
        "type": "Secret Keyword",
        "filename": "tests\\test_encrypt_formats.py",
        "hashed_secret": "fef341f85d87439e7d91a2d465b9871ef66b5e98",
        "is_verified": false,
        "line_number": 145
      },
      {
        "type": "Base64 High Entropy String",
        "filename": "tests\\test_encrypt_formats.py",
        "hashed_secret": "a352a6a11310dc5fffb32e0e5e119e019e8b3d12",
        "is_verified": false,
        "line_number": 223
      },
      {
        "type": "JSON Web Token",
        "filename": "tests\\test_encrypt_formats.py",
        "hashed_secret": "f3ddbde930495a287013d23ae01f0bd7206b3d6e",
        "is_verified": false,
        "line_number": 383
      },
      {
        "type": "Hex High Entropy String",
        "filename": "tests\\test_encrypt_formats.py",
        "hashed_secret": "bc8a66f552abde7d7a5c53cb69a6ae1f3a92ea78",
        "is_verified": false,
        "line_number": 391
      }
    ],
    "tests\\test_encrypt_secret_formats.py": [
      {
        "type": "Private Key",
        "filename": "tests\\test_encrypt_secret_formats.py",
        "hashed_secret": "27c6929aef41ae2bcadac15ca6abcaff72cda9cd",
        "is_verified": false,
        "line_number": 16
      },
      {
        "type": "Private Key",
        "filename": "tests\\test_encrypt_secret_formats.py",
        "hashed_secret": "f0778f3e140a61d5bbbed5430773e52af2f5fba4",
        "is_verified": false,
        "line_number": 27
      },
      {
        "type": "Basic Auth Credentials",
        "filename": "tests\\test_encrypt_secret_formats.py",
        "hashed_secret": "9d4e1e23bd5b727046a9e3b4b7db57bd8d6ee684",
        "is_verified": false,
        "line_number": 33
      },
      {
        "type": "AWS Access Key",
        "filename": "tests\\test_encrypt_secret_formats.py",
        "hashed_secret": "25910f981e85ca04baf359199dd0bd4a3ae738b6",
        "is_verified": false,
        "line_number": 37
      },
      {
        "type": "Base64 High Entropy String",
        "filename": "tests\\test_encrypt_secret_formats.py",
        "hashed_secret": "d70eab08607a4d05faa2d0d6647206599e9abc65",
        "is_verified": false,
        "line_number": 38
      },
      {
        "type": "Secret Keyword",
        "filename": "tests\\test_encrypt_secret_formats.py",
        "hashed_secret": "d70eab08607a4d05faa2d0d6647206599e9abc65",
        "is_verified": false,
        "line_number": 38
      },
      {
        "type": "Secret Keyword",
        "filename": "tests\\test_encrypt_secret_formats.py",
        "hashed_secret": "94ac7daf6bc954ada2709a3931d7639c7a4ce794",
        "is_verified": false,
        "line_number": 42
      },
      {
        "type": "Secret Keyword",
        "filename": "tests\\test_encrypt_secret_formats.py",
        "hashed_secret": "2ac0520cd53a04184ab0df7f9be980f43abbaa4b",
        "is_verified": false,
        "line_number": 43
      },
      {
        "type": "Secret Keyword",
        "filename": "tests\\test_encrypt_secret_formats.py",
        "hashed_secret": "64a91d5fe6475769b6117bc632c19f3aa244d19e",
        "is_verified": false,
        "line_number": 64
      },
      {
        "type": "JSON Web Token",
        "filename": "tests\\test_encrypt_secret_formats.py",
        "hashed_secret": "d6b66ddd9ea7dbe760114bfe9a97352a5e139134",
        "is_verified": false,
        "line_number": 70
      },
      {
        "type": "Secret Keyword",
        "filename": "tests\\test_encrypt_secret_formats.py",
        "hashed_secret": "44b140ccc84dffe489ce56abf8dd46fa1d19ebdc",
        "is_verified": false,
        "line_number": 103
      }
    ],
    "tests\\test_envault.py": [
      {
        "type": "Base64 High Entropy String",
        "filename": "tests\\test_envault.py",
        "hashed_secret": "8d6e70dae8cdc5a6286af4aef491eb4017364509",
        "is_verified": false,
        "line_number": 56
      },
      {
        "type": "Secret Keyword",
        "filename": "tests\\test_envault.py",
        "hashed_secret": "81756b95f5c0ae8d612c7a26d17c31beda376efe",
        "is_verified": false,
        "line_number": 192
      },
      {
        "type": "Base64 High Entropy String",
        "filename": "tests\\test_envault.py",
        "hashed_secret": "158c830d49d84c3a6df399f9d25c0e7468997a80",
        "is_verified": false,
        "line_number": 396
      },
      {
        "type": "Base64 High Entropy String",
        "filename": "tests\\test_envault.py",
        "hashed_secret": "6d6f111d0303841b0fd0f3637c66c6b14ad3c6a0",
        "is_verified": false,
        "line_number": 618
      },
      {
        "type": "Base64 High Entropy String",
        "filename": "tests\\test_envault.py",
        "hashed_secret": "4838adc1c3e87f65256f9655907276519f2cf79b",
        "is_verified": false,
        "line_number": 725
      },
      {
        "type": "Secret Keyword",
        "filename": "tests\\test_envault.py",
        "hashed_secret": "a79425d5dfc9cb6e5ed85fa44bf4d63d73e6a5b8",
        "is_verified": false,
        "line_number": 727
      },
      {
        "type": "Secret Keyword",
        "filename": "tests\\test_envault.py",
        "hashed_secret": "a4b48a81cdab1e1a5dd37907d6c85ca1c61ddc7c",
        "is_verified": false,
        "line_number": 752
      }
    ],
    "tests\\test_security_audit.py": [
      {
        "type": "AWS Access Key",
        "filename": "tests\\test_security_audit.py",
        "hashed_secret": "25910f981e85ca04baf359199dd0bd4a3ae738b6",
        "is_verified": false,
        "line_number": 176
      },
      {
        "type": "Base64 High Entropy String",
        "filename": "tests\\test_security_audit.py",
        "hashed_secret": "0b9bd98c77f064d4d04fcac51fc4897b7dc485cd",
        "is_verified": false,
        "line_number": 231
      },
      {
        "type": "Base64 High Entropy String",
        "filename": "tests\\test_security_audit.py",
        "hashed_secret": "c7c01288c95bb5930eadf7ea2186d481a5b23bd8",
        "is_verified": false,
        "line_number": 259
      },
      {
        "type": "Base64 High Entropy String",
        "filename": "tests\\test_security_audit.py",
        "hashed_secret": "64351dc0a8e37cb222dd05c8ea6e464f30448bea",
        "is_verified": false,
        "line_number": 412
      }
    ],
    "tests\\test_serve.py": [
      {
        "type": "Secret Keyword",
        "filename": "tests\\test_serve.py",
        "hashed_secret": "8e7b296bab33720866e2867d96d7a2ac7dd612fb",
        "is_verified": false,
        "line_number": 823
      }
    ]
  },
  "generated_at": "2026-07-21T00:22:02Z"
}
